Microchip MPLAB XC8 Compiler V2.45

Linker command line:

-W-3 \
  --edf=C:/Users/Silv/.mchp_packs/Microchip/PIC16Fxxx_DFP/1.6.156/xc8\pic\dat\20231012211500_en.msgs \
  -cn -h+dist/default/production\DivergenceMeter.X.production.sym \
  --cmf=dist/default/production\DivergenceMeter.X.production.cmf -z \
  -Q16F628A -oC:\Users\Silv\AppData\Local\Temp\xcAso5o.\driver_tmp_3.o \
  --defsym=__MPLAB_BUILD=1 --fixupoverflow=error \
  -Mdist/default/production/DivergenceMeter.X.production.map \
  --md=C:\Users\Silv\AppData\Local\Temp\xcAso5o.\driver_tmp_0.dat -E1 \
  -ver=XC8 Compiler --acfsm=1493 -ACODE=00h-07FFh -ASTRCODE=00h-07FFh \
  -ASTRING=00h-0FFhx8 -ACONST=00h-0FFhx8 -AENTRY=00h-0FFhx8 \
  -ACOMMON=070h-07Fh -ABANK0=020h-06Fh -ABANK1=0A0h-0EFh \
  -ABANK2=0120h-014Fh -ARAM=020h-06Fh,0A0h-0EFh,0120h-014Fh \
  -AABS1=020h-07Fh,0A0h-0EFh,0120h-014Fh -ASFR0=00h-01Fh -ASFR1=080h-09Fh \
  -ASFR2=0100h-011Fh -ASFR3=0180h-01EFh -ACONFIG=02007h-02007h -DCONFIG=2 \
  -AIDLOC=02000h-02003h -DIDLOC=2 -AEEDATA=00h-07Fh/02100h \
  -peeprom_data=EEDATA -DEEDATA=2 -DCODE=2 -DSTRCODE=2 -DSTRING=2 -DCONST=2 \
  -DENTRY=2 -preset_vec=00h,intentry,init,end_init -ppowerup=CODE \
  -pcinit=CODE -pfunctab=ENTRY -k \
  C:\Users\Silv\AppData\Local\Temp\xcAso5o.\driver_tmp_12.o \
  dist/default/production\DivergenceMeter.X.production.o 

Object code version is 3.11

Machine type is 16F628A



                Name                               Link     Load   Length Selector   Space Scale
C:\Users\Silv\AppData\Local\Temp\xcAso5o.\driver_tmp_12.o
                end_init                              0        0        1        0       0
                config                             2007     2007        1        0       4
dist/default/production\DivergenceMeter.X.production.o
                cinit                               7F9      7F9        7      FF2       0
                config                             2007     2007        1        0       4
                text31                              57D      57D        9      AFA       0
                text30                              635      635       19      C6A       0
                text29                              70E      70E       2B      E1C       0
                text28                              5C9      5C9        F      B92       0
                text27                              5E7      5E7       11      BCE       0
                text26                              555      555        3      AAA       0
                text25                              5F8      5F8       11      BF0       0
                text24                              5AD      5AD        E      B5A       0
                text23                              739      739       3D      E72       0
                text22                              58F      58F        A      B1E       0
                text21                              575      575        8      AEA       0
                text20                              553      553        2      AA6       0
                text19                              560      560        7      AC0       0
                text18                              558      558        4      AB0       0
                text17                              567      567        7      ACE       0
                text16                              6E5      6E5       29      DCA       0
                text15                              5BB      5BB        E      B76       0
                text14                              61E      61E       17      C3C       0
                text13                              69C      69C       22      D38       0
                text12                              5D8      5D8        F      BB0       0
                text11                              56E      56E        7      ADC       0
                text10                              599      599        A      B32       0
                text9                               5A3      5A3        A      B46       0
                text8                               6BE      6BE       27      D7C       0
                text7                               586      586        9      B0C       0
                text6                               776      776       41      EEC       0
                text5                               681      681       1B      D02       0
                text4                               55C      55C        4      AB8       0
                text3                               64E      64E       19      C9C       0
                text2                               7B7      7B7       42      F6E       0
                text1                               609      609       15      C12       0
                maintext                            667      667       1A      CCE       0
                cstackBANK0h                         2A       2A       12       2A       1
                cstackCOMMON                         70       70        9       70       1
                bssCOMMON                            79       79        5       70       1

TOTAL           Name                               Link     Load   Length     Space
        CLASS   CODE           
                end_init                              0        0        1         0
                cinit                               7F9      7F9        7         0
                text31                              57D      57D        9         0
                text30                              635      635       19         0
                text29                              70E      70E       2B         0
                text28                              5C9      5C9        F         0
                text27                              5E7      5E7       11         0
                text26                              555      555        3         0
                text25                              5F8      5F8       11         0
                text24                              5AD      5AD        E         0
                text23                              739      739       3D         0
                text22                              58F      58F        A         0
                text21                              575      575        8         0
                text20                              553      553        2         0
                text19                              560      560        7         0
                text18                              558      558        4         0
                text17                              567      567        7         0
                text16                              6E5      6E5       29         0
                text15                              5BB      5BB        E         0
                text14                              61E      61E       17         0
                text13                              69C      69C       22         0
                text12                              5D8      5D8        F         0
                text11                              56E      56E        7         0
                text10                              599      599        A         0
                text9                               5A3      5A3        A         0
                text8                               6BE      6BE       27         0
                text7                               586      586        9         0
                text6                               776      776       41         0
                text5                               681      681       1B         0
                text4                               55C      55C        4         0
                text3                               64E      64E       19         0
                text2                               7B7      7B7       42         0
                text1                               609      609       15         0
                maintext                            667      667       1A         0

        CLASS   STRCODE        

        CLASS   STRING         

        CLASS   CONST          

        CLASS   ENTRY          

        CLASS   COMMON         
                cstackCOMMON                         70       70        9         1
                bssCOMMON                            79       79        5         1

        CLASS   BANK0          
                cstackBANK0h                         2A       2A       12         1

        CLASS   BANK1          

        CLASS   BANK2          

        CLASS   RAM            

        CLASS   ABS1           
                abs_s1                               22       22        8         1
                abs_s1                               7E       7E        2         1

        CLASS   SFR0           

        CLASS   SFR1           

        CLASS   SFR2           

        CLASS   SFR3           

        CLASS   CONFIG         
                config                             2007     2007        1         4

        CLASS   IDLOC          

        CLASS   EEDATA         

        CLASS   BANK3          

        CLASS   HEAP           

        CLASS   STACK          



SEGMENTS        Name                           Load    Length   Top    Selector   Space  Class     Delta

                reset_vec                      000000  000001  000001         0       0  CODE        2
                cstackBANK0h                   00002A  000012  00003C        2A       1  BANK0       1
                cstackCOMMON                   000070  00000E  00007E        70       1  COMMON      1
                text20                         000553  000002  000555       AA6       0  CODE        2
                text26                         000555  000003  000558       AAA       0  CODE        2
                text18                         000558  000004  00055C       AB0       0  CODE        2
                text4                          00055C  000004  000560       AB8       0  CODE        2
                text19                         000560  000007  000567       AC0       0  CODE        2
                text17                         000567  000007  00056E       ACE       0  CODE        2
                text11                         00056E  000007  000575       ADC       0  CODE        2
                text21                         000575  000008  00057D       AEA       0  CODE        2
                text31                         00057D  000009  000586       AFA       0  CODE        2
                text7                          000586  000009  00058F       B0C       0  CODE        2
                text22                         00058F  00000A  000599       B1E       0  CODE        2
                text10                         000599  00000A  0005A3       B32       0  CODE        2
                text9                          0005A3  00000A  0005AD       B46       0  CODE        2
                text24                         0005AD  00000E  0005BB       B5A       0  CODE        2
                text15                         0005BB  00000E  0005C9       B76       0  CODE        2
                text28                         0005C9  00000F  0005D8       B92       0  CODE        2
                text12                         0005D8  00000F  0005E7       BB0       0  CODE        2
                text27                         0005E7  000011  0005F8       BCE       0  CODE        2
                text25                         0005F8  000011  000609       BF0       0  CODE        2
                text1                          000609  000015  00061E       C12       0  CODE        2
                text14                         00061E  000017  000635       C3C       0  CODE        2
                text30                         000635  000019  00064E       C6A       0  CODE        2
                text3                          00064E  000019  000667       C9C       0  CODE        2
                maintext                       000667  00001A  000681       CCE       0  CODE        2
                text5                          000681  00001B  00069C       D02       0  CODE        2
                text13                         00069C  000022  0006BE       D38       0  CODE        2
                text8                          0006BE  000027  0006E5       D7C       0  CODE        2
                text16                         0006E5  000029  00070E       DCA       0  CODE        2
                text29                         00070E  00002B  000739       E1C       0  CODE        2
                text23                         000739  00003D  000776       E72       0  CODE        2
                text6                          000776  000041  0007B7       EEC       0  CODE        2
                text2                          0007B7  000042  0007F9       F6E       0  CODE        2
                cinit                          0007F9  000007  000800       FF2       0  CODE        2


UNUSED ADDRESS RANGES

        Name                Unused          Largest block    Delta
        BANK0            0020-0021              2           1
                         003C-006F             34
        BANK1            00A0-00EF             50           1
        BANK2            0120-014F             30           1
        CODE             0001-0552            552           2
        CONST            0001-0552            100           2
        EEDATA           2100-217F             80           2
        ENTRY            0001-0552            100           2
        IDLOC            2000-2003              4           2
        RAM              0020-0021              2           1
                         003C-006F             34
                         00A0-00EF             50
                         0120-014F             30
        SFR0             0000-001F             20           1
        SFR1             0080-009F             20           1
        SFR2             0100-011F             20           1
        SFR3             0180-01EF             70           1
        STRCODE          0001-0552            552           2
        STRING           0001-0552            100           2

                                  Symbol Table

I2C_ReadByte@Data        cstackCOMMON 0071
I2C_ReadByte@i           cstackCOMMON 0072
I2C_WriteByte@Data       cstackCOMMON 0072
I2C_WriteByte@i          cstackCOMMON 0073
_CMCON                   (abs)        001F
_I2C_ReStart             text25       05F8
_I2C_ReadByte            text29       070E
_I2C_SendACK             text12       05D8
_I2C_SendNACK            text28       05C9
_I2C_Start               text24       05AD
_I2C_Stop                text27       05E7
_I2C_WriteByte           text23       0739
_Init                    text13       069C
_InitI2C                 text31       057D
_OPTION_REG              (abs)        0081
_PORTA_SHADOW            bssCOMMON    007C
_PORTAbits               (abs)        0005
_PORTB                   (abs)        0006
_PORTB_SHADOW            bssCOMMON    007B
_T0                      (abs)        0022
_T1                      (abs)        0023
_T2                      (abs)        0024
_T3                      (abs)        0025
_T4                      (abs)        0026
_T5                      (abs)        0027
_T6                      (abs)        0028
_T7                      (abs)        0029
_TRISA                   (abs)        0085
_TRISAbits               (abs)        0085
_TRISB                   (abs)        0086
__H__absolute__          __absolute__ 0000
__Habs1                  abs1         0000
__Hbank0                 bank0        0000
__Hbank1                 bank1        0000
__Hbank2                 bank2        0000
__Hbank3                 bank3        0000
__HbssCOMMON             bssCOMMON    0000
__Hcinit                 cinit        0800
__Hclrtext               clrtext      0000
__Hcode                  code         0000
__Hcommon                common       0000
__Hconfig                config       2008
__HcstackBANK0h          cstackBANK0h 0000
__HcstackCOMMON          cstackCOMMON 0000
__Heeprom_data           eeprom_data  0000
__Hend_init              end_init     0001
__Hfunctab               functab      0000
__Hheap                  heap         0000
__Hinit                  init         0000
__Hintentry              intentry     0000
__Hmaintext              maintext     0000
__Hpowerup               powerup      0000
__Hram                   ram          0000
__Hreset_vec             reset_vec    0000
__Hsfr0                  sfr0         0000
__Hsfr1                  sfr1         0000
__Hsfr2                  sfr2         0000
__Hsfr3                  sfr3         0000
__Hspace_0               (abs)        0800
__Hspace_1               (abs)        007E
__Hspace_2               (abs)        0000
__Hspace_3               (abs)        0000
__Hspace_4               (abs)        400F
__Hstack                 stack        0000
__Hstrings               strings      0000
__Htext                  text         0000
__L__absolute__          __absolute__ 0000
__Labs1                  abs1         0000
__Lbank0                 bank0        0000
__Lbank1                 bank1        0000
__Lbank2                 bank2        0000
__Lbank3                 bank3        0000
__LbssCOMMON             bssCOMMON    0000
__Lcinit                 cinit        07F9
__Lclrtext               clrtext      0000
__Lcode                  code         0000
__Lcommon                common       0000
__Lconfig                config       0000
__LcstackBANK0h          cstackBANK0h 0000
__LcstackCOMMON          cstackCOMMON 0000
__Leeprom_data           eeprom_data  0000
__Lend_init              end_init     0000
__Lfunctab               functab      0000
__Lheap                  heap         0000
__Linit                  init         0000
__Lintentry              intentry     0000
__Lmaintext              maintext     0000
__Lpowerup               powerup      0000
__Lram                   ram          0000
__Lreset_vec             reset_vec    0000
__Lsfr0                  sfr0         0000
__Lsfr1                  sfr1         0000
__Lsfr2                  sfr2         0000
__Lsfr3                  sfr3         0000
__Lspace_0               (abs)        0000
__Lspace_1               (abs)        0000
__Lspace_2               (abs)        0000
__Lspace_3               (abs)        0000
__Lspace_4               (abs)        0000
__Lstack                 stack        0000
__Lstrings               strings      0000
__Ltext                  text         0000
__S0                     (abs)        0800
__S1                     (abs)        007E
__S3                     (abs)        0000
___heap_hi               (abs)        0000
___heap_lo               (abs)        0000
___int_sp                stack        0000
___int_stack_hi          stack        0000
___int_stack_lo          stack        0000
___latbits               (abs)        0000
___sp                    stack        0000
___stack_hi              stack        0000
___stack_lo              stack        0000
___stackhi               (abs)        0000
___stacklo               (abs)        0000
__end_of_I2C_ReStart     text25       0609
__end_of_I2C_ReadByte    text29       0739
__end_of_I2C_SendACK     text12       05E7
__end_of_I2C_SendNACK    text28       05D8
__end_of_I2C_Start       text24       05BB
__end_of_I2C_Stop        text27       05F8
__end_of_I2C_WriteByte   text23       0776
__end_of_Init            text13       06BE
__end_of_InitI2C         text31       0586
__end_of__initialization cinit        07FE
__end_of_blankTubes      text30       064E
__end_of_checkDP         text8        06E5
__end_of_checkRTCType    text16       070E
__end_of_display         text11       0575
__end_of_endReadRTC      text26       0558
__end_of_endWriteRTC     text20       0555
__end_of_getTime         text2        07F9
__end_of_isRTCRunning    text15       05C9
__end_of_latch           text7        058F
__end_of_loadDisplay     text6        07B7
__end_of_main            maintext     0681
__end_of_passTubeNum     text5        069C
__end_of_preLoadWL       text1        061E
__end_of_readByteRTC     text21       057D
__end_of_readDataRTC     text4        0560
__end_of_reqReadRTC      text22       0599
__end_of_reqWriteRTC     text19       0567
__end_of_send0ToDrivers  text10       05A3
__end_of_send1ToDrivers  text9        05AD
__end_of_startRTC        text14       0635
__end_of_swapNibbles     text3        0667
__end_of_writeByteRTC    text17       056E
__end_of_writeDataRTC    text18       055C
__initialization         cinit        07F9
__pbssCOMMON             bssCOMMON    0079
__pcstackBANK0h          cstackBANK0h 002A
__pcstackCOMMON          cstackCOMMON 0070
__pmaintext              maintext     0667
__ptext0                 text0        0000
__ptext1                 text1        0609
__ptext10                text10       0599
__ptext11                text11       056E
__ptext12                text12       05D8
__ptext13                text13       069C
__ptext14                text14       061E
__ptext15                text15       05BB
__ptext16                text16       06E5
__ptext17                text17       0567
__ptext18                text18       0558
__ptext19                text19       0560
__ptext2                 text2        07B7
__ptext20                text20       0553
__ptext21                text21       0575
__ptext22                text22       058F
__ptext23                text23       0739
__ptext24                text24       05AD
__ptext25                text25       05F8
__ptext26                text26       0555
__ptext27                text27       05E7
__ptext28                text28       05C9
__ptext29                text29       070E
__ptext3                 text3        064E
__ptext30                text30       0635
__ptext31                text31       057D
__ptext4                 text4        055C
__ptext5                 text5        0681
__ptext6                 text6        0776
__ptext7                 text7        0586
__ptext8                 text8        06BE
__ptext9                 text9        05A3
_blankTubes              text30       0635
_checkDP                 text8        06BE
_checkRTCType            text16       06E5
_display                 text11       056E
_endReadRTC              text26       0555
_endWriteRTC             text20       0553
_flag                    bssCOMMON    007D
_getTime                 text2        07B7
_isRTCRunning            text15       05BB
_latch                   text7        0586
_leftDP                  bssCOMMON    007A
_loadDisplay             text6        0776
_main                    maintext     0667
_passTubeNum             text5        0681
_preLoadWL               text1        0609
_readByteRTC             text21       0575
_readDataRTC             text4        055C
_reqReadRTC              text22       058F
_reqWriteRTC             text19       0560
_rightDP                 bssCOMMON    0079
_send0ToDrivers          text10       0599
_send1ToDrivers          text9        05A3
_startRTC                text14       061E
_swapNibbles             text3        064E
_writeByteRTC            text17       0567
_writeDataRTC            text18       0558
blankTubes@i             cstackCOMMON 0071
blankTubes@ptr           cstackCOMMON 0070
btemp                    (abs)        007E
checkDP@DP               cstackCOMMON 0071
checkRTCType@data        cstackCOMMON 0078
end_of_initialization    cinit        07FE
getTime@hours            cstackBANK0h 003B
getTime@minutes          cstackBANK0h 003A
getTime@seconds          cstackBANK0h 0039
getTime@singleHours      cstackBANK0h 0035
getTime@singleMinutes    cstackBANK0h 0034
getTime@singleSeconds    cstackBANK0h 0033
getTime@tensHours        cstackBANK0h 0038
getTime@tensMinutes      cstackBANK0h 0037
getTime@tensSeconds      cstackBANK0h 0036
intlevel0                functab      0000
intlevel1                functab      0000
intlevel2                functab      0000
intlevel3                functab      0000
intlevel4                functab      0000
intlevel5                functab      0000
isRTCRunning@data        cstackCOMMON 0076
loadDisplay@LDP          cstackCOMMON 0076
loadDisplay@RDP          cstackCOMMON 0077
loadDisplay@dispNum      cstackCOMMON 0072
loadDisplay@numIndex     cstackCOMMON 0075
loadDisplay@tubeIndex    cstackCOMMON 0074
loadDisplay@tubePtr      cstackCOMMON 0073
passTubeNum@tmp0         cstackBANK0h 0030
passTubeNum@tmp1         cstackBANK0h 002F
passTubeNum@tmp2         cstackBANK0h 002E
passTubeNum@tmp3         cstackBANK0h 002D
passTubeNum@tmp4         cstackBANK0h 002C
passTubeNum@tmp5         cstackBANK0h 002B
passTubeNum@tmp6         cstackBANK0h 002A
passTubeNum@tmp7         cstackCOMMON 0078
passTubeNum@tmpLDP       cstackBANK0h 0031
passTubeNum@tmpRDP       cstackBANK0h 0032
readByteRTC@address      cstackCOMMON 0075
readByteRTC@data         cstackCOMMON 0076
readDataRTC@data         cstackCOMMON 0073
reqReadRTC@address       cstackCOMMON 0074
reqWriteRTC@address      cstackCOMMON 0074
reset_vec                reset_vec    0000
start                    init         0000
start_initialization     cinit        07F9
swapNibbles@data         cstackCOMMON 0073
writeByteRTC@address     cstackCOMMON 0076
writeByteRTC@data        cstackCOMMON 0075
writeDataRTC@data        cstackCOMMON 0074
wtemp0                   (abs)        007E


MODULE INFORMATION

Module		Function		Class		Link	Load	Size
tubes.c
		_checkDP       		CODE           	06BE	0000	39
		_display       		CODE           	056E	0000	7
		_passTubeNum   		CODE           	0681	0000	27
		_loadDisplay   		CODE           	0776	0000	65
		_send0ToDrivers		CODE           	0599	0000	10
		_latch         		CODE           	0586	0000	9
		_send1ToDrivers		CODE           	05A3	0000	10
		_preLoadWL     		CODE           	0609	0000	21
		_blankTubes    		CODE           	0635	0000	25

tubes.c estimated size: 213

shared
		__initialization		CODE           	07F9	0000	5

shared estimated size: 5

IIC.c
		_I2C_Stop      		CODE           	05E7	0000	17
		_I2C_WriteByte 		CODE           	0739	0000	61
		_InitI2C       		CODE           	057D	0000	9
		_I2C_ReadByte  		CODE           	070E	0000	43
		_I2C_SendACK   		CODE           	05D8	0000	15
		_I2C_SendNACK  		CODE           	05C9	0000	15
		_I2C_Start     		CODE           	05AD	0000	14
		_I2C_ReStart   		CODE           	05F8	0000	17

IIC.c estimated size: 191

main.c
		_main          		CODE           	0667	0000	26
		_swapNibbles   		CODE           	064E	0000	25
		_Init          		CODE           	069C	0000	34

main.c estimated size: 85

RTC.c
		_readByteRTC   		CODE           	0575	0000	8
		_readDataRTC   		CODE           	055C	0000	4
		_reqWriteRTC   		CODE           	0560	0000	7
		_endReadRTC    		CODE           	0555	0000	3
		_getTime       		CODE           	07B7	0000	66
		_writeByteRTC  		CODE           	0567	0000	7
		_checkRTCType  		CODE           	06E5	0000	41
		_isRTCRunning  		CODE           	05BB	0000	14
		_startRTC      		CODE           	061E	0000	23
		_writeDataRTC  		CODE           	0558	0000	4
		_endWriteRTC   		CODE           	0553	0000	2
		_reqReadRTC    		CODE           	058F	0000	10

RTC.c estimated size: 189

